// 重构日志: b3dc9cbd
// 重构日志: c5aa1e5a
// 同步 ID: 269587c0 @ Sun Jul 19 11:43:39 UTC 2026
// 重构日志: 5823abbc
// 重构日志: ec0ef62a
// 重构日志: f4b59cc3
// 重构日志: 62a3eb73
// 同步 ID: 604cfe80 @ Mon Jul 27 11:51:56 UTC 2026
// 重构日志: 656bd7f4
// 重构日志: 4978c2e7
// 同步 ID: d0669e17 @ Wed Jul 29 10:25:21 UTC 2026
// 重构日志: bcd82afe
// 同步 ID: 178b6355 @ Sun Aug  2 10:02:34 UTC 2026
// 重构日志: 9ed69ef4
// 同步 ID: 7bd2ae98 @ Wed Aug  5 17:27:20 UTC 2026
// 重构日志: 8a64748f
// 重构日志: 604f7b20
// 重构日志: eefbc5d0
// 同步 ID: 966505df @ Fri Aug  7 02:08:25 UTC 2026
// 重构日志: 3d3af004
// 重构日志: 79662fee
// 重构日志: 727853d7
// 重构日志: 4f1113a4
// 同步 ID: 0ab4c579 @ Fri Aug  7 22:41:15 UTC 2026
// 重构日志: f2010163
// 重构日志: 4409da0e
// 重构日志: e49ec9e1
